// Jest Snapshot v1, https://goo.gl/fbAQLP

exports[`addToCart Component Check if product is emitted corectlly 1`] = `
<b-container>
  <div
    class="products"
  >
    <div>
      <b-col
        class="ramka"
      >
        <img
          src=""
        />
         
        <b-col
          style="margin: 10px 10px auto;"
        >
          <h3>
            Tomato
          </h3>
           
          <div
            class="cost"
          >
            2.50
          </div>
           
          <b-button>
            Add to cart
          </b-button>
        </b-col>
      </b-col>
    </div>
    <div>
      <b-col
        class="ramka"
      >
        <img
          src=""
        />
         
        <b-col
          style="margin: 10px 10px auto;"
        >
          <h3>
            Apple
          </h3>
           
          <div
            class="cost"
          >
            0.99
          </div>
           
          <b-button>
            Add to cart
          </b-button>
        </b-col>
      </b-col>
    </div>
    <div>
      <b-col
        class="ramka"
      >
        <img
          src=""
        />
         
        <b-col
          style="margin: 10px 10px auto;"
        >
          <h3>
            Grapes
          </h3>
           
          <div
            class="cost"
          >
            3.21
          </div>
           
          <b-button>
            Add to cart
          </b-button>
        </b-col>
      </b-col>
    </div>
    <div>
      <b-col
        class="ramka"
      >
        <img
          src=""
        />
         
        <b-col
          style="margin: 10px 10px auto;"
        >
          <h3>
            Onion
          </h3>
           
          <div
            class="cost"
          >
            6.22
          </div>
           
          <b-button>
            Add to cart
          </b-button>
        </b-col>
      </b-col>
    </div>
  </div>
</b-container>
`;
